  Tanks.cpp
D:\VS projects\Programming labs\SEM-3\Tanks\Tanks\Tanks.cpp(17,19): warning C4244: инициализация: преобразование "float" в "int", возможна потеря данных
D:\VS projects\Programming labs\SEM-3\Tanks\Tanks\Tanks.cpp(18,19): warning C4244: инициализация: преобразование "float" в "int", возможна потеря данных
D:\VS projects\Programming labs\SEM-3\Tanks\Tanks\Tanks.cpp(19,23): warning C4244: инициализация: преобразование "float" в "int", возможна потеря данных
D:\VS projects\Programming labs\SEM-3\Tanks\Tanks\Tanks.cpp(20,23): warning C4244: инициализация: преобразование "float" в "int", возможна потеря данных
D:\VS projects\Programming labs\SEM-3\Tanks\Tanks\Tanks.cpp(27,36): warning C4244: аргумент: преобразование "int" в "T", возможна потеря данных
D:\VS projects\Programming labs\SEM-3\Tanks\Tanks\Tanks.cpp(27,36): warning C4244:         with
D:\VS projects\Programming labs\SEM-3\Tanks\Tanks\Tanks.cpp(27,36): warning C4244:         [
D:\VS projects\Programming labs\SEM-3\Tanks\Tanks\Tanks.cpp(27,36): warning C4244:             T=float
D:\VS projects\Programming labs\SEM-3\Tanks\Tanks\Tanks.cpp(27,36): warning C4244:         ]
D:\VS projects\Programming labs\SEM-3\Tanks\Tanks\Tanks.cpp(27,22): warning C4244: аргумент: преобразование "int" в "T", возможна потеря данных
D:\VS projects\Programming labs\SEM-3\Tanks\Tanks\Tanks.cpp(27,22): warning C4244:         with
D:\VS projects\Programming labs\SEM-3\Tanks\Tanks\Tanks.cpp(27,22): warning C4244:         [
D:\VS projects\Programming labs\SEM-3\Tanks\Tanks\Tanks.cpp(27,22): warning C4244:             T=float
D:\VS projects\Programming labs\SEM-3\Tanks\Tanks\Tanks.cpp(27,22): warning C4244:         ]
D:\VS projects\Programming labs\SEM-3\Tanks\Tanks\Tanks.cpp(29,19): warning C4305: аргумент: усечение из "double" в "float"
D:\VS projects\Programming labs\SEM-3\Tanks\Tanks\Tanks.cpp(33,19): warning C4305: аргумент: усечение из "double" в "float"
D:\VS projects\Programming labs\SEM-3\Tanks\Tanks\Tanks.cpp(64,21): warning C4244: инициализация: преобразование "float" в "int", возможна потеря данных
D:\VS projects\Programming labs\SEM-3\Tanks\Tanks\Tanks.cpp(65,21): warning C4244: инициализация: преобразование "float" в "int", возможна потеря данных
D:\VS projects\Programming labs\SEM-3\Tanks\Tanks\Tanks.cpp(66,25): warning C4244: инициализация: преобразование "float" в "int", возможна потеря данных
D:\VS projects\Programming labs\SEM-3\Tanks\Tanks\Tanks.cpp(67,25): warning C4244: инициализация: преобразование "float" в "int", возможна потеря данных
D:\VS projects\Programming labs\SEM-3\Tanks\Tanks\Tanks.cpp(78,36): warning C4244: аргумент: преобразование "int" в "T", возможна потеря данных
D:\VS projects\Programming labs\SEM-3\Tanks\Tanks\Tanks.cpp(78,36): warning C4244:         with
D:\VS projects\Programming labs\SEM-3\Tanks\Tanks\Tanks.cpp(78,36): warning C4244:         [
D:\VS projects\Programming labs\SEM-3\Tanks\Tanks\Tanks.cpp(78,36): warning C4244:             T=float
D:\VS projects\Programming labs\SEM-3\Tanks\Tanks\Tanks.cpp(78,36): warning C4244:         ]
D:\VS projects\Programming labs\SEM-3\Tanks\Tanks\Tanks.cpp(78,22): warning C4244: аргумент: преобразование "int" в "T", возможна потеря данных
D:\VS projects\Programming labs\SEM-3\Tanks\Tanks\Tanks.cpp(78,22): warning C4244:         with
D:\VS projects\Programming labs\SEM-3\Tanks\Tanks\Tanks.cpp(78,22): warning C4244:         [
D:\VS projects\Programming labs\SEM-3\Tanks\Tanks\Tanks.cpp(78,22): warning C4244:             T=float
D:\VS projects\Programming labs\SEM-3\Tanks\Tanks\Tanks.cpp(78,22): warning C4244:         ]
D:\VS projects\Programming labs\SEM-3\Tanks\Tanks\Tanks.cpp(121,21): warning C4244: инициализация: преобразование "float" в "int", возможна потеря данных
D:\VS projects\Programming labs\SEM-3\Tanks\Tanks\Tanks.cpp(122,21): warning C4244: инициализация: преобразование "float" в "int", возможна потеря данных
D:\VS projects\Programming labs\SEM-3\Tanks\Tanks\Tanks.cpp(123,25): warning C4244: инициализация: преобразование "float" в "int", возможна потеря данных
D:\VS projects\Programming labs\SEM-3\Tanks\Tanks\Tanks.cpp(124,25): warning C4244: инициализация: преобразование "float" в "int", возможна потеря данных
D:\VS projects\Programming labs\SEM-3\Tanks\Tanks\Tanks.cpp(130,20): warning C4244: инициализация: преобразование "float" в "int", возможна потеря данных
D:\VS projects\Programming labs\SEM-3\Tanks\Tanks\Tanks.cpp(131,20): warning C4244: инициализация: преобразование "float" в "int", возможна потеря данных
D:\VS projects\Programming labs\SEM-3\Tanks\Tanks\Tanks.cpp(132,24): warning C4244: инициализация: преобразование "float" в "int", возможна потеря данных
D:\VS projects\Programming labs\SEM-3\Tanks\Tanks\Tanks.cpp(133,24): warning C4244: инициализация: преобразование "float" в "int", возможна потеря данных
D:\VS projects\Programming labs\SEM-3\Tanks\Tanks\Tanks.cpp(161,21): warning C4244: инициализация: преобразование "float" в "int", возможна потеря данных
D:\VS projects\Programming labs\SEM-3\Tanks\Tanks\Tanks.cpp(162,21): warning C4244: инициализация: преобразование "float" в "int", возможна потеря данных
D:\VS projects\Programming labs\SEM-3\Tanks\Tanks\Tanks.cpp(163,25): warning C4244: инициализация: преобразование "float" в "int", возможна потеря данных
D:\VS projects\Programming labs\SEM-3\Tanks\Tanks\Tanks.cpp(164,25): warning C4244: инициализация: преобразование "float" в "int", возможна потеря данных
D:\VS projects\Programming labs\SEM-3\Tanks\Tanks\Tanks.cpp(168,20): warning C4244: инициализация: преобразование "float" в "int", возможна потеря данных
D:\VS projects\Programming labs\SEM-3\Tanks\Tanks\Tanks.cpp(169,20): warning C4244: инициализация: преобразование "float" в "int", возможна потеря данных
D:\VS projects\Programming labs\SEM-3\Tanks\Tanks\Tanks.cpp(170,24): warning C4244: инициализация: преобразование "float" в "int", возможна потеря данных
D:\VS projects\Programming labs\SEM-3\Tanks\Tanks\Tanks.cpp(171,24): warning C4244: инициализация: преобразование "float" в "int", возможна потеря данных
D:\VS projects\Programming labs\SEM-3\Tanks\Tanks\Tanks.cpp(211,19): warning C4244: инициализация: преобразование "float" в "int", возможна потеря данных
D:\VS projects\Programming labs\SEM-3\Tanks\Tanks\Tanks.cpp(212,19): warning C4244: инициализация: преобразование "float" в "int", возможна потеря данных
D:\VS projects\Programming labs\SEM-3\Tanks\Tanks\Tanks.cpp(213,23): warning C4244: инициализация: преобразование "float" в "int", возможна потеря данных
D:\VS projects\Programming labs\SEM-3\Tanks\Tanks\Tanks.cpp(214,23): warning C4244: инициализация: преобразование "float" в "int", возможна потеря данных
D:\VS projects\Programming labs\SEM-3\Tanks\Tanks\Tanks.cpp(223,22): warning C4244: инициализация: преобразование "float" в "int", возможна потеря данных
D:\VS projects\Programming labs\SEM-3\Tanks\Tanks\Tanks.cpp(224,22): warning C4244: инициализация: преобразование "float" в "int", возможна потеря данных
D:\VS projects\Programming labs\SEM-3\Tanks\Tanks\Tanks.cpp(225,26): warning C4244: инициализация: преобразование "float" в "int", возможна потеря данных
D:\VS projects\Programming labs\SEM-3\Tanks\Tanks\Tanks.cpp(226,26): warning C4244: инициализация: преобразование "float" в "int", возможна потеря данных
D:\VS projects\Programming labs\SEM-3\Tanks\Tanks\Tanks.cpp(288,14): warning C4244: инициализация: преобразование "sf::Int64" в "float", возможна потеря данных
D:\VS projects\Programming labs\SEM-3\Tanks\Tanks\Tanks.cpp(363,39): warning C4244: аргумент: преобразование "int" в "float", возможна потеря данных
D:\VS projects\Programming labs\SEM-3\Tanks\Tanks\Tanks.cpp(363,31): warning C4244: аргумент: преобразование "int" в "float", возможна потеря данных
  Создание кода
  5 of 741 functions ( 0.7%) were compiled, the rest were copied from previous compilation.
    1 functions were new in current compilation
    20 functions had inline decision re-evaluated but remain unchanged
  Создание кода завершено
  Tanks.vcxproj -> D:\VS projects\Programming labs\SEM-3\Tanks\x64\Release\Tanks.exe
  "pwsh.exe" не является внутренней или внешней
  командой, исполняемой программой или пакетным файлом.
